Archive member included to satisfy reference by file (symbol)

c:/program files (x86)/atmel/studio/7.0/toolchain/avr8/avr8-gnu-toolchain/bin/../lib/gcc/avr/5.4.0/avr5\libgcc.a(_exit.o)
                              C:/Program Files (x86)/Atmel/Studio/7.0/Packs/atmel/ATmega_DFP/1.2.209/gcc/dev/atmega32a/avr5/crtatmega32a.o (exit)
c:/program files (x86)/atmel/studio/7.0/toolchain/avr8/avr8-gnu-toolchain/bin/../lib/gcc/avr/5.4.0/avr5\libgcc.a(_clear_bss.o)
                              OpModeClass.o (__do_clear_bss)

Allocating common symbols
Common symbol       size              file

led                 0x3               OpModeClass.o

Discarded input sections

 .data          0x00000000        0x0 C:/Program Files (x86)/Atmel/Studio/7.0/Packs/atmel/ATmega_DFP/1.2.209/gcc/dev/atmega32a/avr5/crtatmega32a.o
 .bss           0x00000000        0x0 C:/Program Files (x86)/Atmel/Studio/7.0/Packs/atmel/ATmega_DFP/1.2.209/gcc/dev/atmega32a/avr5/crtatmega32a.o
 .text          0x00000000        0x0 BrushLessMotorClass.o
 .data          0x00000000        0x0 BrushLessMotorClass.o
 .bss           0x00000000        0x0 BrushLessMotorClass.o
 .text.BrushLessMotor_int
                0x00000000        0x2 BrushLessMotorClass.o
 .text.BrushLessMotor_set_power
                0x00000000        0x2 BrushLessMotorClass.o
 .text.BrushLessMotor_get_power
                0x00000000        0x8 BrushLessMotorClass.o
 .text.BrushLessMotor_get_port
                0x00000000        0x4 BrushLessMotorClass.o
 .text.BrushLessMotor_get_pin
                0x00000000        0x6 BrushLessMotorClass.o
 .debug_info    0x00000000      0x17d BrushLessMotorClass.o
 .debug_abbrev  0x00000000       0xd4 BrushLessMotorClass.o
 .debug_loc     0x00000000       0x1b BrushLessMotorClass.o
 .debug_aranges
                0x00000000       0x40 BrushLessMotorClass.o
 .debug_ranges  0x00000000       0x30 BrushLessMotorClass.o
 .debug_line    0x00000000       0xb3 BrushLessMotorClass.o
 .debug_str     0x00000000      0x1a5 BrushLessMotorClass.o
 .comment       0x00000000       0x31 BrushLessMotorClass.o
 .debug_frame   0x00000000       0x64 BrushLessMotorClass.o
 .text          0x00000000        0x0 DigitalInputClass.o
 .data          0x00000000        0x0 DigitalInputClass.o
 .bss           0x00000000        0x0 DigitalInputClass.o
 .text.digital_input_init
                0x00000000       0xa6 DigitalInputClass.o
 .text.digital_input_get_stutus
                0x00000000       0x9a DigitalInputClass.o
 .text.digital_input_get_port
                0x00000000        0x4 DigitalInputClass.o
 .text.digital_input_get_pin
                0x00000000        0x6 DigitalInputClass.o
 .text.digital_input_get_pullup_status
                0x00000000        0x6 DigitalInputClass.o
 .debug_info    0x00000000      0x1d7 DigitalInputClass.o
 .debug_abbrev  0x00000000       0xd4 DigitalInputClass.o
 .debug_loc     0x00000000       0x70 DigitalInputClass.o
 .debug_aranges
                0x00000000       0x40 DigitalInputClass.o
 .debug_ranges  0x00000000       0x30 DigitalInputClass.o
 .debug_line    0x00000000      0x1bc DigitalInputClass.o
 .debug_str     0x00000000      0x21d DigitalInputClass.o
 .comment       0x00000000       0x31 DigitalInputClass.o
 .debug_frame   0x00000000       0x64 DigitalInputClass.o
 .text          0x00000000        0x0 DigitalOutputClass.o
 .data          0x00000000        0x0 DigitalOutputClass.o
 .bss           0x00000000        0x0 DigitalOutputClass.o
 .text.digital_output_init
                0x00000000       0x6e DigitalOutputClass.o
 .text.digital_output_set_stutus
                0x00000000       0xc8 DigitalOutputClass.o
 .text.digital_output_get_stutus
                0x00000000       0xb2 DigitalOutputClass.o
 .text.digital_output_get_port
                0x00000000        0x4 DigitalOutputClass.o
 .text.digital_output_get_pin
                0x00000000        0x6 DigitalOutputClass.o
 .debug_info    0x00000000      0x1c3 DigitalOutputClass.o
 .debug_abbrev  0x00000000       0xd4 DigitalOutputClass.o
 .debug_loc     0x00000000       0x70 DigitalOutputClass.o
 .debug_aranges
                0x00000000       0x40 DigitalOutputClass.o
 .debug_ranges  0x00000000       0x30 DigitalOutputClass.o
 .debug_line    0x00000000      0x206 DigitalOutputClass.o
 .debug_str     0x00000000      0x216 DigitalOutputClass.o
 .comment       0x00000000       0x31 DigitalOutputClass.o
 .debug_frame   0x00000000       0x64 DigitalOutputClass.o
 .text          0x00000000        0x0 FlightsClass.o
 .data          0x00000000        0x0 FlightsClass.o
 .bss           0x00000000        0x0 FlightsClass.o
 .text.flight_up
                0x00000000        0xe FlightsClass.o
 .text.flight_down
                0x00000000        0xe FlightsClass.o
 .text.flight_left
                0x00000000        0xe FlightsClass.o
 .text.flight_right
                0x00000000        0xe FlightsClass.o
 .text.flight_forward
                0x00000000        0xe FlightsClass.o
 .text.flight_backward
                0x00000000        0xe FlightsClass.o
 .text.spin_clockwise_
                0x00000000        0xe FlightsClass.o
 .text.spin_anti_clockwise
                0x00000000        0xe FlightsClass.o
 .debug_info    0x00000000      0x457 FlightsClass.o
 .debug_abbrev  0x00000000       0xa7 FlightsClass.o
 .debug_loc     0x00000000      0x1d8 FlightsClass.o
 .debug_aranges
                0x00000000       0x58 FlightsClass.o
 .debug_ranges  0x00000000       0x48 FlightsClass.o
 .debug_line    0x00000000       0xfa FlightsClass.o
 .debug_str     0x00000000      0x1da FlightsClass.o
 .comment       0x00000000       0x31 FlightsClass.o
 .debug_frame   0x00000000      0x114 FlightsClass.o
 .text          0x00000000        0x0 I2cClass.o
 .data          0x00000000        0x0 I2cClass.o
 .bss           0x00000000        0x0 I2cClass.o
 .debug_line    0x00000000        0x0 I2cClass.o
 .debug_str     0x00000000       0xfa I2cClass.o
 .comment       0x00000000       0x31 I2cClass.o
 .text          0x00000000        0x0 main.o
 .data          0x00000000        0x0 main.o
 .bss           0x00000000        0x0 main.o
 .text          0x00000000        0x0 OpModeClass.o
 .data          0x00000000        0x0 OpModeClass.o
 .bss           0x00000000        0x0 OpModeClass.o
 .text          0x00000000        0x0 PwmClass.o
 .data          0x00000000        0x0 PwmClass.o
 .bss           0x00000000        0x0 PwmClass.o
 .text.get_timer0_pwm
                0x00000000        0x6 PwmClass.o
 .text.get_timer1A_pwm
                0x00000000        0x6 PwmClass.o
 .text.get_timer1B_pwm
                0x00000000        0x6 PwmClass.o
 .text.get_timer2_pwm
                0x00000000        0x6 PwmClass.o
 .text          0x00000000        0x0 UltraSonicClass.o
 .data          0x00000000        0x0 UltraSonicClass.o
 .bss           0x00000000        0x0 UltraSonicClass.o
 .debug_line    0x00000000        0x0 UltraSonicClass.o
 .debug_str     0x00000000      0x101 UltraSonicClass.o
 .comment       0x00000000       0x31 UltraSonicClass.o
 .text          0x00000000        0x0 c:/program files (x86)/atmel/studio/7.0/toolchain/avr8/avr8-gnu-toolchain/bin/../lib/gcc/avr/5.4.0/avr5\libgcc.a(_exit.o)
 .data          0x00000000        0x0 c:/program files (x86)/atmel/studio/7.0/toolchain/avr8/avr8-gnu-toolchain/bin/../lib/gcc/avr/5.4.0/avr5\libgcc.a(_exit.o)
 .bss           0x00000000        0x0 c:/program files (x86)/atmel/studio/7.0/toolchain/avr8/avr8-gnu-toolchain/bin/../lib/gcc/avr/5.4.0/avr5\libgcc.a(_exit.o)
 .text.libgcc.mul
                0x00000000        0x0 c:/program files (x86)/atmel/studio/7.0/toolchain/avr8/avr8-gnu-toolchain/bin/../lib/gcc/avr/5.4.0/avr5\libgcc.a(_exit.o)
 .text.libgcc.div
                0x00000000        0x0 c:/program files (x86)/atmel/studio/7.0/toolchain/avr8/avr8-gnu-toolchain/bin/../lib/gcc/avr/5.4.0/avr5\libgcc.a(_exit.o)
 .text.libgcc   0x00000000        0x0 c:/program files (x86)/atmel/studio/7.0/toolchain/avr8/avr8-gnu-toolchain/bin/../lib/gcc/avr/5.4.0/avr5\libgcc.a(_exit.o)
 .text.libgcc.prologue
                0x00000000        0x0 c:/program files (x86)/atmel/studio/7.0/toolchain/avr8/avr8-gnu-toolchain/bin/../lib/gcc/avr/5.4.0/avr5\libgcc.a(_exit.o)
 .text.libgcc.builtins
                0x00000000        0x0 c:/program files (x86)/atmel/studio/7.0/toolchain/avr8/avr8-gnu-toolchain/bin/../lib/gcc/avr/5.4.0/avr5\libgcc.a(_exit.o)
 .text.libgcc.fmul
                0x00000000        0x0 c:/program files (x86)/atmel/studio/7.0/toolchain/avr8/avr8-gnu-toolchain/bin/../lib/gcc/avr/5.4.0/avr5\libgcc.a(_exit.o)
 .text.libgcc.fixed
                0x00000000        0x0 c:/program files (x86)/atmel/studio/7.0/toolchain/avr8/avr8-gnu-toolchain/bin/../lib/gcc/avr/5.4.0/avr5\libgcc.a(_exit.o)
 .text          0x00000000        0x0 c:/program files (x86)/atmel/studio/7.0/toolchain/avr8/avr8-gnu-toolchain/bin/../lib/gcc/avr/5.4.0/avr5\libgcc.a(_clear_bss.o)
 .data          0x00000000        0x0 c:/program files (x86)/atmel/studio/7.0/toolchain/avr8/avr8-gnu-toolchain/bin/../lib/gcc/avr/5.4.0/avr5\libgcc.a(_clear_bss.o)
 .bss           0x00000000        0x0 c:/program files (x86)/atmel/studio/7.0/toolchain/avr8/avr8-gnu-toolchain/bin/../lib/gcc/avr/5.4.0/avr5\libgcc.a(_clear_bss.o)
 .text.libgcc.mul
                0x00000000        0x0 c:/program files (x86)/atmel/studio/7.0/toolchain/avr8/avr8-gnu-toolchain/bin/../lib/gcc/avr/5.4.0/avr5\libgcc.a(_clear_bss.o)
 .text.libgcc.div
                0x00000000        0x0 c:/program files (x86)/atmel/studio/7.0/toolchain/avr8/avr8-gnu-toolchain/bin/../lib/gcc/avr/5.4.0/avr5\libgcc.a(_clear_bss.o)
 .text.libgcc   0x00000000        0x0 c:/program files (x86)/atmel/studio/7.0/toolchain/avr8/avr8-gnu-toolchain/bin/../lib/gcc/avr/5.4.0/avr5\libgcc.a(_clear_bss.o)
 .text.libgcc.prologue
                0x00000000        0x0 c:/program files (x86)/atmel/studio/7.0/toolchain/avr8/avr8-gnu-toolchain/bin/../lib/gcc/avr/5.4.0/avr5\libgcc.a(_clear_bss.o)
 .text.libgcc.builtins
                0x00000000        0x0 c:/program files (x86)/atmel/studio/7.0/toolchain/avr8/avr8-gnu-toolchain/bin/../lib/gcc/avr/5.4.0/avr5\libgcc.a(_clear_bss.o)
 .text.libgcc.fmul
                0x00000000        0x0 c:/program files (x86)/atmel/studio/7.0/toolchain/avr8/avr8-gnu-toolchain/bin/../lib/gcc/avr/5.4.0/avr5\libgcc.a(_clear_bss.o)
 .text.libgcc.fixed
                0x00000000        0x0 c:/program files (x86)/atmel/studio/7.0/toolchain/avr8/avr8-gnu-toolchain/bin/../lib/gcc/avr/5.4.0/avr5\libgcc.a(_clear_bss.o)

Memory Configuration

Name             Origin             Length             Attributes
text             0x00000000         0x00020000         xr
data             0x00800060         0x0000ffa0         rw !x
eeprom           0x00810000         0x00010000         rw !x
fuse             0x00820000         0x00000002         rw !x
lock             0x00830000         0x00000400         rw !x
signature        0x00840000         0x00000400         rw !x
user_signatures  0x00850000         0x00000400         rw !x
*default*        0x00000000         0xffffffff

Linker script and memory map

LOAD C:/Program Files (x86)/Atmel/Studio/7.0/Packs/atmel/ATmega_DFP/1.2.209/gcc/dev/atmega32a/avr5/crtatmega32a.o
LOAD BrushLessMotorClass.o
LOAD DigitalInputClass.o
LOAD DigitalOutputClass.o
LOAD FlightsClass.o
LOAD I2cClass.o
LOAD main.o
LOAD OpModeClass.o
LOAD PwmClass.o
LOAD UltraSonicClass.o
START GROUP
LOAD c:/program files (x86)/atmel/studio/7.0/toolchain/avr8/avr8-gnu-toolchain/bin/../lib/gcc/avr/5.4.0/../../../../avr/lib/avr5\libm.a
END GROUP
START GROUP
LOAD c:/program files (x86)/atmel/studio/7.0/toolchain/avr8/avr8-gnu-toolchain/bin/../lib/gcc/avr/5.4.0/avr5\libgcc.a
LOAD c:/program files (x86)/atmel/studio/7.0/toolchain/avr8/avr8-gnu-toolchain/bin/../lib/gcc/avr/5.4.0/../../../../avr/lib/avr5\libm.a
LOAD c:/program files (x86)/atmel/studio/7.0/toolchain/avr8/avr8-gnu-toolchain/bin/../lib/gcc/avr/5.4.0/../../../../avr/lib/avr5\libc.a
LOAD C:/Program Files (x86)/Atmel/Studio/7.0/Packs/atmel/ATmega_DFP/1.2.209/gcc/dev/atmega32a/avr5\libatmega32a.a
END GROUP
                0x00020000                __TEXT_REGION_LENGTH__ = DEFINED (__TEXT_REGION_LENGTH__)?__TEXT_REGION_LENGTH__:0x20000
                0x0000ffa0                __DATA_REGION_LENGTH__ = DEFINED (__DATA_REGION_LENGTH__)?__DATA_REGION_LENGTH__:0xffa0
                0x00010000                __EEPROM_REGION_LENGTH__ = DEFINED (__EEPROM_REGION_LENGTH__)?__EEPROM_REGION_LENGTH__:0x10000
                [0x00000002]                __FUSE_REGION_LENGTH__ = DEFINED (__FUSE_REGION_LENGTH__)?__FUSE_REGION_LENGTH__:0x400
                0x00000400                __LOCK_REGION_LENGTH__ = DEFINED (__LOCK_REGION_LENGTH__)?__LOCK_REGION_LENGTH__:0x400
                0x00000400                __SIGNATURE_REGION_LENGTH__ = DEFINED (__SIGNATURE_REGION_LENGTH__)?__SIGNATURE_REGION_LENGTH__:0x400
                0x00000400                __USER_SIGNATURE_REGION_LENGTH__ = DEFINED (__USER_SIGNATURE_REGION_LENGTH__)?__USER_SIGNATURE_REGION_LENGTH__:0x400

.hash
 *(.hash)

.dynsym
 *(.dynsym)

.dynstr
 *(.dynstr)

.gnu.version
 *(.gnu.version)

.gnu.version_d
 *(.gnu.version_d)

.gnu.version_r
 *(.gnu.version_r)

.rel.init
 *(.rel.init)

.rela.init
 *(.rela.init)

.rel.text
 *(.rel.text)
 *(.rel.text.*)
 *(.rel.gnu.linkonce.t*)

.rela.text
 *(.rela.text)
 *(.rela.text.*)
 *(.rela.gnu.linkonce.t*)

.rel.fini
 *(.rel.fini)

.rela.fini
 *(.rela.fini)

.rel.rodata
 *(.rel.rodata)
 *(.rel.rodata.*)
 *(.rel.gnu.linkonce.r*)

.rela.rodata
 *(.rela.rodata)
 *(.rela.rodata.*)
 *(.rela.gnu.linkonce.r*)

.rel.data
 *(.rel.data)
 *(.rel.data.*)
 *(.rel.gnu.linkonce.d*)

.rela.data
 *(.rela.data)
 *(.rela.data.*)
 *(.rela.gnu.linkonce.d*)

.rel.ctors
 *(.rel.ctors)

.rela.ctors
 *(.rela.ctors)

.rel.dtors
 *(.rel.dtors)

.rela.dtors
 *(.rela.dtors)

.rel.got
 *(.rel.got)

.rela.got
 *(.rela.got)

.rel.bss
 *(.rel.bss)

.rela.bss
 *(.rela.bss)

.rel.plt
 *(.rel.plt)

.rela.plt
 *(.rela.plt)

.text           0x00000000      0x18a
 *(.vectors)
 .vectors       0x00000000       0x54 C:/Program Files (x86)/Atmel/Studio/7.0/Packs/atmel/ATmega_DFP/1.2.209/gcc/dev/atmega32a/avr5/crtatmega32a.o
                0x00000000                __vector_default
                0x00000000                __vectors
 *(.vectors)
 *(.progmem.gcc*)
                0x00000054                . = ALIGN (0x2)
                0x00000054                __trampolines_start = .
 *(.trampolines)
 .trampolines   0x00000054        0x0 linker stubs
 *(.trampolines*)
                0x00000054                __trampolines_end = .
 *libprintf_flt.a:*(.progmem.data)
 *libc.a:*(.progmem.data)
 *(.progmem*)
                0x00000054                . = ALIGN (0x2)
 *(.jumptables)
 *(.jumptables*)
 *(.lowtext)
 *(.lowtext*)
                0x00000054                __ctors_start = .
 *(.ctors)
                0x00000054                __ctors_end = .
                0x00000054                __dtors_start = .
 *(.dtors)
                0x00000054                __dtors_end = .
 SORT(*)(.ctors)
 SORT(*)(.dtors)
 *(.init0)
 .init0         0x00000054        0x0 C:/Program Files (x86)/Atmel/Studio/7.0/Packs/atmel/ATmega_DFP/1.2.209/gcc/dev/atmega32a/avr5/crtatmega32a.o
                0x00000054                __init
 *(.init0)
 *(.init1)
 *(.init1)
 *(.init2)
 .init2         0x00000054        0xc C:/Program Files (x86)/Atmel/Studio/7.0/Packs/atmel/ATmega_DFP/1.2.209/gcc/dev/atmega32a/avr5/crtatmega32a.o
 *(.init2)
 *(.init3)
 *(.init3)
 *(.init4)
 .init4         0x00000060       0x10 c:/program files (x86)/atmel/studio/7.0/toolchain/avr8/avr8-gnu-toolchain/bin/../lib/gcc/avr/5.4.0/avr5\libgcc.a(_clear_bss.o)
                0x00000060                __do_clear_bss
 *(.init4)
 *(.init5)
 *(.init5)
 *(.init6)
 *(.init6)
 *(.init7)
 *(.init7)
 *(.init8)
 *(.init8)
 *(.init9)
 .init9         0x00000070        0x8 C:/Program Files (x86)/Atmel/Studio/7.0/Packs/atmel/ATmega_DFP/1.2.209/gcc/dev/atmega32a/avr5/crtatmega32a.o
 *(.init9)
 *(.text)
 .text          0x00000078        0x4 C:/Program Files (x86)/Atmel/Studio/7.0/Packs/atmel/ATmega_DFP/1.2.209/gcc/dev/atmega32a/avr5/crtatmega32a.o
                0x00000078                __vector_1
                0x00000078                __vector_12
                0x00000078                __bad_interrupt
                0x00000078                __vector_6
                0x00000078                __vector_3
                0x00000078                __vector_11
                0x00000078                __vector_13
                0x00000078                __vector_17
                0x00000078                __vector_19
                0x00000078                __vector_7
                0x00000078                __vector_5
                0x00000078                __vector_4
                0x00000078                __vector_9
                0x00000078                __vector_2
                0x00000078                __vector_15
                0x00000078                __vector_8
                0x00000078                __vector_14
                0x00000078                __vector_10
                0x00000078                __vector_16
                0x00000078                __vector_18
                0x00000078                __vector_20
                0x0000007c                . = ALIGN (0x2)
 *(.text.*)
 .text.main     0x0000007c       0x12 main.o
                0x0000007c                main
 .text.Init     0x0000008e       0x22 OpModeClass.o
                0x0000008e                Init
 .text.init_loop
                0x000000b0       0x14 OpModeClass.o
                0x000000b0                init_loop
 .text.start    0x000000c4       0x14 OpModeClass.o
                0x000000c4                start
 .text.loop     0x000000d8       0x66 OpModeClass.o
                0x000000d8                loop
 .text.timer0_pwm_init
                0x0000013e        0xa PwmClass.o
                0x0000013e                timer0_pwm_init
 .text.set_timer0_pwm
                0x00000148        0x4 PwmClass.o
                0x00000148                set_timer0_pwm
 .text.timer1A_pwm_init
                0x0000014c       0x10 PwmClass.o
                0x0000014c                timer1A_pwm_init
 .text.set_timer1A_pwm
                0x0000015c        0x6 PwmClass.o
                0x0000015c                set_timer1A_pwm
 .text.timer1B_pwm_init
                0x00000162       0x10 PwmClass.o
                0x00000162                timer1B_pwm_init
 .text.set_timer1B_pwm
                0x00000172        0x6 PwmClass.o
                0x00000172                set_timer1B_pwm
 .text.timer2_pwm_init
                0x00000178        0xa PwmClass.o
                0x00000178                timer2_pwm_init
 .text.set_timer2_pwm
                0x00000182        0x4 PwmClass.o
                0x00000182                set_timer2_pwm
                0x00000186                . = ALIGN (0x2)
 *(.fini9)
 .fini9         0x00000186        0x0 c:/program files (x86)/atmel/studio/7.0/toolchain/avr8/avr8-gnu-toolchain/bin/../lib/gcc/avr/5.4.0/avr5\libgcc.a(_exit.o)
                0x00000186                _exit
                0x00000186                exit
 *(.fini9)
 *(.fini8)
 *(.fini8)
 *(.fini7)
 *(.fini7)
 *(.fini6)
 *(.fini6)
 *(.fini5)
 *(.fini5)
 *(.fini4)
 *(.fini4)
 *(.fini3)
 *(.fini3)
 *(.fini2)
 *(.fini2)
 *(.fini1)
 *(.fini1)
 *(.fini0)
 .fini0         0x00000186        0x4 c:/program files (x86)/atmel/studio/7.0/toolchain/avr8/avr8-gnu-toolchain/bin/../lib/gcc/avr/5.4.0/avr5\libgcc.a(_exit.o)
 *(.fini0)
                0x0000018a                _etext = .

.data           0x00800060        0x0 load address 0x0000018a
                [!provide]                PROVIDE (__data_start, .)
 *(.data)
 *(.data*)
 *(.gnu.linkonce.d*)
 *(.rodata)
 *(.rodata*)
 *(.gnu.linkonce.r*)
                0x00800060                . = ALIGN (0x2)
                0x00800060                _edata = .
                [!provide]                PROVIDE (__data_end, .)

.bss            0x00800060        0x3
                0x00800060                PROVIDE (__bss_start, .)
 *(.bss)
 *(.bss*)
 *(COMMON)
 COMMON         0x00800060        0x3 OpModeClass.o
                0x00800060                led
                0x00800063                PROVIDE (__bss_end, .)
                0x0000018a                __data_load_start = LOADADDR (.data)
                0x0000018a                __data_load_end = (__data_load_start + SIZEOF (.data))

.noinit         0x00800063        0x0
                [!provide]                PROVIDE (__noinit_start, .)
 *(.noinit*)
                [!provide]                PROVIDE (__noinit_end, .)
                0x00800063                _end = .
                [!provide]                PROVIDE (__heap_start, .)

.eeprom         0x00810000        0x0
 *(.eeprom*)
                0x00810000                __eeprom_end = .

.fuse
 *(.fuse)
 *(.lfuse)
 *(.hfuse)
 *(.efuse)

.lock
 *(.lock*)

.signature
 *(.signature*)

.user_signatures
 *(.user_signatures*)

.stab
 *(.stab)

.stabstr
 *(.stabstr)

.stab.excl
 *(.stab.excl)

.stab.exclstr
 *(.stab.exclstr)

.stab.index
 *(.stab.index)

.stab.indexstr
 *(.stab.indexstr)

.comment        0x00000000       0x30
 *(.comment)
 .comment       0x00000000       0x30 main.o
                                 0x31 (size before relaxing)
 .comment       0x00000030       0x31 OpModeClass.o
 .comment       0x00000030       0x31 PwmClass.o

.note.gnu.avr.deviceinfo
                0x00000000       0x3c
 .note.gnu.avr.deviceinfo
                0x00000000       0x3c C:/Program Files (x86)/Atmel/Studio/7.0/Packs/atmel/ATmega_DFP/1.2.209/gcc/dev/atmega32a/avr5/crtatmega32a.o

.note.gnu.build-id
 *(.note.gnu.build-id)

.debug
 *(.debug)

.line
 *(.line)

.debug_srcinfo
 *(.debug_srcinfo)

.debug_sfnames
 *(.debug_sfnames)

.debug_aranges  0x00000000       0xd0
 *(.debug_aranges)
 .debug_aranges
                0x00000000       0x20 main.o
 .debug_aranges
                0x00000020       0x38 OpModeClass.o
 .debug_aranges
                0x00000058       0x78 PwmClass.o

.debug_pubnames
 *(.debug_pubnames)

.debug_info     0x00000000      0xc6d
 *(.debug_info .gnu.linkonce.wi.*)
 .debug_info    0x00000000      0x4e6 C:/Program Files (x86)/Atmel/Studio/7.0/Packs/atmel/ATmega_DFP/1.2.209/gcc/dev/atmega32a/avr5/crtatmega32a.o
 .debug_info    0x000004e6       0xe8 main.o
 .debug_info    0x000005ce      0x4bb OpModeClass.o
 .debug_info    0x00000a89      0x1e4 PwmClass.o

.debug_abbrev   0x00000000      0x72c
 *(.debug_abbrev)
 .debug_abbrev  0x00000000      0x4a3 C:/Program Files (x86)/Atmel/Studio/7.0/Packs/atmel/ATmega_DFP/1.2.209/gcc/dev/atmega32a/avr5/crtatmega32a.o
 .debug_abbrev  0x000004a3       0x68 main.o
 .debug_abbrev  0x0000050b      0x191 OpModeClass.o
 .debug_abbrev  0x0000069c       0x90 PwmClass.o

.debug_line     0x00000000      0x568
 *(.debug_line .debug_line.* .debug_line_end)
 .debug_line    0x00000000      0x115 C:/Program Files (x86)/Atmel/Studio/7.0/Packs/atmel/ATmega_DFP/1.2.209/gcc/dev/atmega32a/avr5/crtatmega32a.o
 .debug_line    0x00000115       0x66 main.o
 .debug_line    0x0000017b      0x216 OpModeClass.o
 .debug_line    0x00000391      0x1d7 PwmClass.o

.debug_frame    0x00000000      0x158
 *(.debug_frame)
 .debug_frame   0x00000000       0x24 main.o
 .debug_frame   0x00000024       0x60 OpModeClass.o
 .debug_frame   0x00000084       0xd4 PwmClass.o

.debug_str      0x00000000      0x43a
 *(.debug_str)
 .debug_str     0x00000000      0x196 C:/Program Files (x86)/Atmel/Studio/7.0/Packs/atmel/ATmega_DFP/1.2.209/gcc/dev/atmega32a/avr5/crtatmega32a.o
 .debug_str     0x00000196      0x149 main.o
                                0x187 (size before relaxing)
 .debug_str     0x000002df       0xf1 OpModeClass.o
                                0x267 (size before relaxing)
 .debug_str     0x000003d0       0x6a PwmClass.o
                                0x23b (size before relaxing)

.debug_loc      0x00000000      0x18b
 *(.debug_loc)
 .debug_loc     0x00000000      0x18b OpModeClass.o

.debug_macinfo
 *(.debug_macinfo)

.debug_weaknames
 *(.debug_weaknames)

.debug_funcnames
 *(.debug_funcnames)

.debug_typenames
 *(.debug_typenames)

.debug_varnames
 *(.debug_varnames)

.debug_pubtypes
 *(.debug_pubtypes)

.debug_ranges   0x00000000       0xa0
 *(.debug_ranges)
 .debug_ranges  0x00000000       0x10 main.o
 .debug_ranges  0x00000010       0x28 OpModeClass.o
 .debug_ranges  0x00000038       0x68 PwmClass.o

.debug_macro
 *(.debug_macro)
OUTPUT(Quadcopter.elf elf32-avr)
LOAD linker stubs
